#
# There is insufficient memory for the Java Runtime Environment to continue.
# Native memory allocation (malloc) failed to allocate 1058304 bytes. Error detail: Chunk::new
# Possible reasons:
#   The system is out of physical RAM or swap space
#   This process is running with CompressedOops enabled, and the Java Heap may be blocking the growth of the native heap
# Possible solutions:
#   Reduce memory load on the system
#   Increase physical memory or swap space
#   Check if swap backing store is full
#   Decrease Java heap size (-Xmx/-Xms)
#   Decrease number of Java threads
#   Decrease Java thread stack sizes (-Xss)
#   Set larger code cache with -XX:ReservedCodeCacheSize=
#   JVM is running with Unscaled Compressed Oops mode in which the Java heap is
#     placed in the first 4GB address space. The Java Heap base address is the
#     maximum limit for the native heap growth. Please use -XX:HeapBaseMinAddress
#     to set the Java Heap base and to place the Java Heap above 4GB virtual address.
# This output file may be truncated or incomplete.
#
#  Out of Memory Error (arena.cpp:168), pid=106724, tid=113088
#
# JRE version: OpenJDK Runtime Environment JBR-21.0.10+1-1163.108-jcef (21.0.10+1) (build 21.0.10+1-b1163.108)
# Java VM: OpenJDK 64-Bit Server VM JBR-21.0.10+1-1163.108-jcef (21.0.10+1-b1163.108, mixed mode, sharing, tiered, compressed oops, compressed class ptrs, g1 gc, windows-amd64)
# No core dump will be written. Minidumps are not enabled by default on client versions of Windows
#

---------------  S U M M A R Y ------------

Command Line: git4idea.http.GitAskPassApp Username for 'https://github.com': 

Host: 11th Gen Intel(R) Core(TM) i5-1135G7 @ 2.40GHz, 8 cores, 7G,  Windows 10 , 64 bit Build 19041 (10.0.19041.5915)
Time: Fri Sep 11 19:43:54 2026 Sri Lanka Standard Time elapsed time: 0.964952 seconds (0d 0h 0m 0s)

---------------  T H R E A D  ---------------

Current thread (0x0000022798b416b0):  JavaThread "C2 CompilerThread0" daemon [_thread_in_native, id=113088, stack(0x0000005434900000,0x0000005434a00000) (1024K)]


Current CompileTask:
C2:965 1070       4       sun.security.ec.ECOperations::setDouble (463 bytes)

Stack: [0x0000005434900000,0x0000005434a00000]
Native frames: (J=compiled Java code, j=interpreted, Vv=VM code, C=native code)
V  [jvm.dll+0x6ecf49]
V  [jvm.dll+0x8cbe73]
V  [jvm.dll+0x8ce49e]
V  [jvm.dll+0x8ceb83]
V  [jvm.dll+0x28b776]
V  [jvm.dll+0xc6f3d]
V  [jvm.dll+0xc7473]
V  [jvm.dll+0x3c865b]
V  [jvm.dll+0x1e7bd2]
V  [jvm.dll+0x252864]
V  [jvm.dll+0x251ce1]
V  [jvm.dll+0x1ceea4]
V  [jvm.dll+0x26157e]
V  [jvm.dll+0x25fac6]
V  [jvm.dll+0x403a4e]
V  [jvm.dll+0x874d68]
V  [jvm.dll+0x6eb6cd]
C  [ucrtbase.dll+0x21bb2]
C  [KERNEL32.DLL+0x17374]
C  [ntdll.dll+0x4cc91]


---------------  P R O C E S S  ---------------

Threads class SMR info:
_java_thread_list=0x00000227df459590, length=14, elements={
0x00000227fde7ca30, 0x0000022798b1caa0, 0x0000022798b22400, 0x0000022798b25f80,
0x0000022798b2a1a0, 0x0000022798b2af60, 0x0000022798b2bd90, 0x0000022798b38820,
0x0000022798b416b0, 0x00000227df010060, 0x00000227df133d00, 0x00000227df3f79c0,
0x00000227df46dd00, 0x00000227df449cd0
}

Java Threads: ( => current thread )
  0x00000227fde7ca30 JavaThread "main"                              [_thread_blocked, id=84100, stack(0x0000005433a00000,0x0000005433b00000) (1024K)]
  0x0000022798b1caa0 JavaThread "Common-Cleaner"             daemon [_thread_blocked, id=137996, stack(0x0000005434200000,0x0000005434300000) (1024K)]
  0x0000022798b22400 JavaThread "Reference Handler"          daemon [_thread_blocked, id=97056, stack(0x0000005434300000,0x0000005434400000) (1024K)]
  0x0000022798b25f80 JavaThread "Finalizer"                  daemon [_thread_blocked, id=121392, stack(0x0000005434400000,0x0000005434500000) (1024K)]
  0x0000022798b2a1a0 JavaThread "Signal Dispatcher"          daemon [_thread_blocked, id=132460, stack(0x0000005434500000,0x0000005434600000) (1024K)]
  0x0000022798b2af60 JavaThread "Attach Listener"            daemon [_thread_blocked, id=118884, stack(0x0000005434600000,0x0000005434700000) (1024K)]
  0x0000022798b2bd90 JavaThread "Service Thread"             daemon [_thread_blocked, id=110428, stack(0x0000005434700000,0x0000005434800000) (1024K)]
  0x0000022798b38820 JavaThread "Monitor Deflation Thread"   daemon [_thread_blocked, id=129248, stack(0x0000005434800000,0x0000005434900000) (1024K)]
=>0x0000022798b416b0 JavaThread "C2 CompilerThread0"         daemon [_thread_in_native, id=113088, stack(0x0000005434900000,0x0000005434a00000) (1024K)]
  0x00000227df010060 JavaThread "C1 CompilerThread0"         daemon [_thread_blocked, id=109372, stack(0x0000005434a00000,0x0000005434b00000) (1024K)]
  0x00000227df133d00 JavaThread "Notification Thread"        daemon [_thread_blocked, id=60040, stack(0x0000005434b00000,0x0000005434c00000) (1024K)]
  0x00000227df3f79c0 JavaThread "HttpClient-1-SelectorManager" daemon [_thread_in_native, id=121672, stack(0x0000005434c00000,0x0000005434d00000) (1024K)]
  0x00000227df46dd00 JavaThread "HttpClient-1-Worker-0"      daemon [_thread_blocked, id=131712, stack(0x0000005434e00000,0x0000005434f00000) (1024K)]
  0x00000227df449cd0 JavaThread "HttpClient-1-Worker-1"      daemon [_thread_blocked, id=132912, stack(0x0000005434f00000,0x0000005435000000) (1024K)]
Total: 14

Other Threads:
  0x0000022798b09ca0 VMThread "VM Thread"                           [id=126472, stack(0x0000005434100000,0x0000005434200000) (1024K)]
  0x0000022798af56a0 WatcherThread "VM Periodic Task Thread"        [id=128360, stack(0x0000005434000000,0x0000005434100000) (1024K)]
  0x00000227ffe28750 WorkerThread "GC Thread#0"                     [id=97920, stack(0x0000005433b00000,0x0000005433c00000) (1024K)]
  0x00000227ffe391c0 ConcurrentGCThread "G1 Main Marker"            [id=129944, stack(0x0000005433c00000,0x0000005433d00000) (1024K)]
  0x00000227ffe3b390 WorkerThread "G1 Conc#0"                       [id=122492, stack(0x0000005433d00000,0x0000005433e00000) (1024K)]
  0x00000227989c99c0 ConcurrentGCThread "G1 Refine#0"               [id=138400, stack(0x0000005433e00000,0x0000005433f00000) (1024K)]
  0x00000227989ca350 ConcurrentGCThread "G1 Service"                [id=137888, stack(0x0000005433f00000,0x0000005434000000) (1024K)]
Total: 7

Threads with active compile tasks:
C2 CompilerThread0  1112 1070       4       sun.security.ec.ECOperations::setDouble (463 bytes)
Total: 1

VM state: not at safepoint (normal execution)

VM Mutex/Monitor currently owned by a thread: None

Heap address: 0x0000000083200000, size: 1998 MB, Compressed Oops mode: 32-bit

CDS archive(s) mapped at: [0x0000022799000000-0x000002279ac20000-0x000002279ac20000), size 29491200, SharedBaseAddress: 0x0000022799000000, ArchiveRelocationMode: 1.
Compressed class space mapped at: 0x000002279b000000-0x00000227db000000, reserved size: 1073741824
Narrow klass base: 0x0000022799000000, Narrow klass shift: 0, Narrow klass range: 0x100000000

GC Precious Log:
 CardTable entry size: 512
 Card Set container configuration: InlinePtr #cards 5 size 8 Array Of Cards #cards 12 size 40 Howl #buckets 4 coarsen threshold 1843 Howl Bitmap #cards 512 size 80 coarsen threshold 460 Card regions per heap region 1 cards per card region 2048
 CPUs: 8 total, 8 available
 Memory: 7991M
 Large Page Support: Disabled
 NUMA Support: Disabled
 Compressed Oops: Enabled (32-bit)
 Heap Region Size: 1M
 Heap Min Capacity: 8M
 Heap Initial Capacity: 126M
 Heap Max Capacity: 1998M
 Pre-touch: Disabled
 Parallel Workers: 8
 Concurrent Workers: 2
 Concurrent Refinement Workers: 8
 Periodic GC: Disabled

Heap:
 garbage-first heap   total 129024K, used 15360K [0x0000000083200000, 0x0000000100000000)
  region size 1024K, 16 young (16384K), 0 survivors (0K)
 Metaspace       used 3508K, committed 3712K, reserved 1114112K
  class space    used 424K, committed 512K, reserved 1048576K

Heap Regions: E=young(eden), S=young(survivor), O=old, HS=humongous(starts), HC=humongous(continues), CS=collection set, F=free, TAMS=top-at-mark-start, PB=parsable bottom
|   0|0x0000000083200000, 0x0000000083200000, 0x0000000083300000|  0%| F|  |TAMS 0x0000000083200000| PB 0x0000000083200000| Untracked 
|   1|0x0000000083300000, 0x0000000083300000, 0x0000000083400000|  0%| F|  |TAMS 0x0000000083300000| PB 0x0000000083300000| Untracked 
|   2|0x0000000083400000, 0x0000000083400000, 0x0000000083500000|  0%| F|  |TAMS 0x0000000083400000| PB 0x0000000083400000| Untracked 
|   3|0x0000000083500000, 0x0000000083500000, 0x0000000083600000|  0%| F|  |TAMS 0x0000000083500000| PB 0x0000000083500000| Untracked 
|   4|0x0000000083600000, 0x0000000083600000, 0x0000000083700000|  0%| F|  |TAMS 0x0000000083600000| PB 0x0000000083600000| Untracked 
|   5|0x0000000083700000, 0x0000000083700000, 0x0000000083800000|  0%| F|  |TAMS 0x0000000083700000| PB 0x0000000083700000| Untracked 
|   6|0x0000000083800000, 0x0000000083800000, 0x0000000083900000|  0%| F|  |TAMS 0x0000000083800000| PB 0x0000000083800000| Untracked 
|   7|0x0000000083900000, 0x0000000083900000, 0x0000000083a00000|  0%| F|  |TAMS 0x0000000083900000| PB 0x0000000083900000| Untracked 
|   8|0x0000000083a00000, 0x0000000083a00000, 0x0000000083b00000|  0%| F|  |TAMS 0x0000000083a00000| PB 0x0000000083a00000| Untracked 
|   9|0x0000000083b00000, 0x0000000083b00000, 0x0000000083c00000|  0%| F|  |TAMS 0x0000000083b00000| PB 0x0000000083b00000| Untracked 
|  10|0x0000000083c00000, 0x0000000083c00000, 0x0000000083d00000|  0%| F|  |TAMS 0x0000000083c00000| PB 0x0000000083c00000| Untracked 
|  11|0x0000000083d00000, 0x0000000083d00000, 0x0000000083e00000|  0%| F|  |TAMS 0x0000000083d00000| PB 0x0000000083d00000| Untracked 
|  12|0x0000000083e00000, 0x0000000083e00000, 0x0000000083f00000|  0%| F|  |TAMS 0x0000000083e00000| PB 0x0000000083e00000| Untracked 
|  13|0x0000000083f00000, 0x0000000083f00000, 0x0000000084000000|  0%| F|  |TAMS 0x0000000083f00000| PB 0x0000000083f00000| Untracked 
|  14|0x0000000084000000, 0x0000000084000000, 0x0000000084100000|  0%| F|  |TAMS 0x0000000084000000| PB 0x0000000084000000| Untracked 
|  15|0x0000000084100000, 0x0000000084100000, 0x0000000084200000|  0%| F|  |TAMS 0x0000000084100000| PB 0x0000000084100000| Untracked 
|  16|0x0000000084200000, 0x0000000084200000, 0x0000000084300000|  0%| F|  |TAMS 0x0000000084200000| PB 0x0000000084200000| Untracked 
|  17|0x0000000084300000, 0x0000000084300000, 0x0000000084400000|  0%| F|  |TAMS 0x0000000084300000| PB 0x0000000084300000| Untracked 
|  18|0x0000000084400000, 0x0000000084400000, 0x0000000084500000|  0%| F|  |TAMS 0x0000000084400000| PB 0x0000000084400000| Untracked 
|  19|0x0000000084500000, 0x0000000084500000, 0x0000000084600000|  0%| F|  |TAMS 0x0000000084500000| PB 0x0000000084500000| Untracked 
|  20|0x0000000084600000, 0x0000000084600000, 0x0000000084700000|  0%| F|  |TAMS 0x0000000084600000| PB 0x0000000084600000| Untracked 
|  21|0x0000000084700000, 0x0000000084700000, 0x0000000084800000|  0%| F|  |TAMS 0x0000000084700000| PB 0x0000000084700000| Untracked 
|  22|0x0000000084800000, 0x0000000084800000, 0x0000000084900000|  0%| F|  |TAMS 0x0000000084800000| PB 0x0000000084800000| Untracked 
|  23|0x0000000084900000, 0x0000000084900000, 0x0000000084a00000|  0%| F|  |TAMS 0x0000000084900000| PB 0x0000000084900000| Untracked 
|  24|0x0000000084a00000, 0x0000000084a00000, 0x0000000084b00000|  0%| F|  |TAMS 0x0000000084a00000| PB 0x0000000084a00000| Untracked 
|  25|0x0000000084b00000, 0x0000000084b00000, 0x0000000084c00000|  0%| F|  |TAMS 0x0000000084b00000| PB 0x0000000084b00000| Untracked 
|  26|0x0000000084c00000, 0x0000000084c00000, 0x0000000084d00000|  0%| F|  |TAMS 0x0000000084c00000| PB 0x0000000084c00000| Untracked 
|  27|0x0000000084d00000, 0x0000000084d00000, 0x0000000084e00000|  0%| F|  |TAMS 0x0000000084d00000| PB 0x0000000084d00000| Untracked 
|  28|0x0000000084e00000, 0x0000000084e00000, 0x0000000084f00000|  0%| F|  |TAMS 0x0000000084e00000| PB 0x0000000084e00000| Untracked 
|  29|0x0000000084f00000, 0x0000000084f00000, 0x0000000085000000|  0%| F|  |TAMS 0x0000000084f00000| PB 0x0000000084f00000| Untracked 
|  30|0x0000000085000000, 0x0000000085000000, 0x0000000085100000|  0%| F|  |TAMS 0x0000000085000000| PB 0x0000000085000000| Untracked 
|  31|0x0000000085100000, 0x0000000085100000, 0x0000000085200000|  0%| F|  |TAMS 0x0000000085100000| PB 0x0000000085100000| Untracked 
|  32|0x0000000085200000, 0x0000000085200000, 0x0000000085300000|  0%| F|  |TAMS 0x0000000085200000| PB 0x0000000085200000| Untracked 
|  33|0x0000000085300000, 0x0000000085300000, 0x0000000085400000|  0%| F|  |TAMS 0x0000000085300000| PB 0x0000000085300000| Untracked 
|  34|0x0000000085400000, 0x0000000085400000, 0x0000000085500000|  0%| F|  |TAMS 0x0000000085400000| PB 0x0000000085400000| Untracked 
|  35|0x0000000085500000, 0x0000000085500000, 0x0000000085600000|  0%| F|  |TAMS 0x0000000085500000| PB 0x0000000085500000| Untracked 
|  36|0x0000000085600000, 0x0000000085600000, 0x0000000085700000|  0%| F|  |TAMS 0x0000000085600000| PB 0x0000000085600000| Untracked 
|  37|0x0000000085700000, 0x0000000085700000, 0x0000000085800000|  0%| F|  |TAMS 0x0000000085700000| PB 0x0000000085700000| Untracked 
|  38|0x0000000085800000, 0x0000000085800000, 0x0000000085900000|  0%| F|  |TAMS 0x0000000085800000| PB 0x0000000085800000| Untracked 
|  39|0x0000000085900000, 0x0000000085900000, 0x0000000085a00000|  0%| F|  |TAMS 0x0000000085900000| PB 0x0000000085900000| Untracked 
|  40|0x0000000085a00000, 0x0000000085a00000, 0x0000000085b00000|  0%| F|  |TAMS 0x0000000085a00000| PB 0x0000000085a00000| Untracked 
|  41|0x0000000085b00000, 0x0000000085b00000, 0x0000000085c00000|  0%| F|  |TAMS 0x0000000085b00000| PB 0x0000000085b00000| Untracked 
|  42|0x0000000085c00000, 0x0000000085c00000, 0x0000000085d00000|  0%| F|  |TAMS 0x0000000085c00000| PB 0x0000000085c00000| Untracked 
|  43|0x0000000085d00000, 0x0000000085d00000, 0x0000000085e00000|  0%| F|  |TAMS 0x0000000085d00000| PB 0x0000000085d00000| Untracked 
|  44|0x0000000085e00000, 0x0000000085e00000, 0x0000000085f00000|  0%| F|  |TAMS 0x0000000085e00000| PB 0x0000000085e00000| Untracked 
|  45|0x0000000085f00000, 0x0000000085f00000, 0x0000000086000000|  0%| F|  |TAMS 0x0000000085f00000| PB 0x0000000085f00000| Untracked 
|  46|0x0000000086000000, 0x0000000086000000, 0x0000000086100000|  0%| F|  |TAMS 0x0000000086000000| PB 0x0000000086000000| Untracked 
|  47|0x0000000086100000, 0x0000000086100000, 0x0000000086200000|  0%| F|  |TAMS 0x0000000086100000| PB 0x0000000086100000| Untracked 
|  48|0x0000000086200000, 0x0000000086200000, 0x0000000086300000|  0%| F|  |TAMS 0x0000000086200000| PB 0x0000000086200000| Untracked 
|  49|0x0000000086300000, 0x0000000086300000, 0x0000000086400000|  0%| F|  |TAMS 0x0000000086300000| PB 0x0000000086300000| Untracked 
|  50|0x0000000086400000, 0x0000000086400000, 0x0000000086500000|  0%| F|  |TAMS 0x0000000086400000| PB 0x0000000086400000| Untracked 
|  51|0x0000000086500000, 0x0000000086500000, 0x0000000086600000|  0%| F|  |TAMS 0x0000000086500000| PB 0x0000000086500000| Untracked 
|  52|0x0000000086600000, 0x0000000086600000, 0x0000000086700000|  0%| F|  |TAMS 0x0000000086600000| PB 0x0000000086600000| Untracked 
|  53|0x0000000086700000, 0x0000000086700000, 0x0000000086800000|  0%| F|  |TAMS 0x0000000086700000| PB 0x0000000086700000| Untracked 
|  54|0x0000000086800000, 0x0000000086800000, 0x0000000086900000|  0%| F|  |TAMS 0x0000000086800000| PB 0x0000000086800000| Untracked 
|  55|0x0000000086900000, 0x0000000086900000, 0x0000000086a00000|  0%| F|  |TAMS 0x0000000086900000| PB 0x0000000086900000| Untracked 
|  56|0x0000000086a00000, 0x0000000086a00000, 0x0000000086b00000|  0%| F|  |TAMS 0x0000000086a00000| PB 0x0000000086a00000| Untracked 
|  57|0x0000000086b00000, 0x0000000086b00000, 0x0000000086c00000|  0%| F|  |TAMS 0x0000000086b00000| PB 0x0000000086b00000| Untracked 
|  58|0x0000000086c00000, 0x0000000086c00000, 0x0000000086d00000|  0%| F|  |TAMS 0x0000000086c00000| PB 0x0000000086c00000| Untracked 
|  59|0x0000000086d00000, 0x0000000086d00000, 0x0000000086e00000|  0%| F|  |TAMS 0x0000000086d00000| PB 0x0000000086d00000| Untracked 
|  60|0x0000000086e00000, 0x0000000086e00000, 0x0000000086f00000|  0%| F|  |TAMS 0x0000000086e00000| PB 0x0000000086e00000| Untracked 
|  61|0x0000000086f00000, 0x0000000086f00000, 0x0000000087000000|  0%| F|  |TAMS 0x0000000086f00000| PB 0x0000000086f00000| Untracked 
|  62|0x0000000087000000, 0x0000000087000000, 0x0000000087100000|  0%| F|  |TAMS 0x0000000087000000| PB 0x0000000087000000| Untracked 
|  63|0x0000000087100000, 0x0000000087100000, 0x0000000087200000|  0%| F|  |TAMS 0x0000000087100000| PB 0x0000000087100000| Untracked 
|  64|0x0000000087200000, 0x0000000087200000, 0x0000000087300000|  0%| F|  |TAMS 0x0000000087200000| PB 0x0000000087200000| Untracked 
|  65|0x0000000087300000, 0x0000000087300000, 0x0000000087400000|  0%| F|  |TAMS 0x0000000087300000| PB 0x0000000087300000| Untracked 
|  66|0x0000000087400000, 0x0000000087400000, 0x0000000087500000|  0%| F|  |TAMS 0x0000000087400000| PB 0x0000000087400000| Untracked 
|  67|0x0000000087500000, 0x0000000087500000, 0x0000000087600000|  0%| F|  |TAMS 0x0000000087500000| PB 0x0000000087500000| Untracked 
|  68|0x0000000087600000, 0x0000000087600000, 0x0000000087700000|  0%| F|  |TAMS 0x0000000087600000| PB 0x0000000087600000| Untracked 
|  69|0x0000000087700000, 0x0000000087700000, 0x0000000087800000|  0%| F|  |TAMS 0x0000000087700000| PB 0x0000000087700000| Untracked 
|  70|0x0000000087800000, 0x0000000087800000, 0x0000000087900000|  0%| F|  |TAMS 0x0000000087800000| PB 0x0000000087800000| Untracked 
|  71|0x0000000087900000, 0x0000000087900000, 0x0000000087a00000|  0%| F|  |TAMS 0x0000000087900000| PB 0x0000000087900000| Untracked 
|  72|0x0000000087a00000, 0x0000000087a00000, 0x0000000087b00000|  0%| F|  |TAMS 0x0000000087a00000| PB 0x0000000087a00000| Untracked 
|  73|0x0000000087b00000, 0x0000000087b00000, 0x0000000087c00000|  0%| F|  |TAMS 0x0000000087b00000| PB 0x0000000087b00000| Untracked 
|  74|0x0000000087c00000, 0x0000000087c00000, 0x0000000087d00000|  0%| F|  |TAMS 0x0000000087c00000| PB 0x0000000087c00000| Untracked 
|  75|0x0000000087d00000, 0x0000000087d00000, 0x0000000087e00000|  0%| F|  |TAMS 0x0000000087d00000| PB 0x0000000087d00000| Untracked 
|  76|0x0000000087e00000, 0x0000000087e00000, 0x0000000087f00000|  0%| F|  |TAMS 0x0000000087e00000| PB 0x0000000087e00000| Untracked 
|  77|0x0000000087f00000, 0x0000000087f00000, 0x0000000088000000|  0%| F|  |TAMS 0x0000000087f00000| PB 0x0000000087f00000| Untracked 
|  78|0x0000000088000000, 0x0000000088000000, 0x0000000088100000|  0%| F|  |TAMS 0x0000000088000000| PB 0x0000000088000000| Untracked 
|  79|0x0000000088100000, 0x0000000088100000, 0x0000000088200000|  0%| F|  |TAMS 0x0000000088100000| PB 0x0000000088100000| Untracked 
|  80|0x0000000088200000, 0x0000000088200000, 0x0000000088300000|  0%| F|  |TAMS 0x0000000088200000| PB 0x0000000088200000| Untracked 
|  81|0x0000000088300000, 0x0000000088300000, 0x0000000088400000|  0%| F|  |TAMS 0x0000000088300000| PB 0x0000000088300000| Untracked 
|  82|0x0000000088400000, 0x0000000088400000, 0x0000000088500000|  0%| F|  |TAMS 0x0000000088400000| PB 0x0000000088400000| Untracked 
|  83|0x0000000088500000, 0x0000000088500000, 0x0000000088600000|  0%| F|  |TAMS 0x0000000088500000| PB 0x0000000088500000| Untracked 
|  84|0x0000000088600000, 0x0000000088600000, 0x0000000088700000|  0%| F|  |TAMS 0x0000000088600000| PB 0x0000000088600000| Untracked 
|  85|0x0000000088700000, 0x0000000088700000, 0x0000000088800000|  0%| F|  |TAMS 0x0000000088700000| PB 0x0000000088700000| Untracked 
|  86|0x0000000088800000, 0x0000000088800000, 0x0000000088900000|  0%| F|  |TAMS 0x0000000088800000| PB 0x0000000088800000| Untracked 
|  87|0x0000000088900000, 0x0000000088900000, 0x0000000088a00000|  0%| F|  |TAMS 0x0000000088900000| PB 0x0000000088900000| Untracked 
|  88|0x0000000088a00000, 0x0000000088a00000, 0x0000000088b00000|  0%| F|  |TAMS 0x0000000088a00000| PB 0x0000000088a00000| Untracked 
|  89|0x0000000088b00000, 0x0000000088b00000, 0x0000000088c00000|  0%| F|  |TAMS 0x0000000088b00000| PB 0x0000000088b00000| Untracked 
|  90|0x0000000088c00000, 0x0000000088c00000, 0x0000000088d00000|  0%| F|  |TAMS 0x0000000088c00000| PB 0x0000000088c00000| Untracked 
|  91|0x0000000088d00000, 0x0000000088d00000, 0x0000000088e00000|  0%| F|  |TAMS 0x0000000088d00000| PB 0x0000000088d00000| Untracked 
|  92|0x0000000088e00000, 0x0000000088e00000, 0x0000000088f00000|  0%| F|  |TAMS 0x0000000088e00000| PB 0x0000000088e00000| Untracked 
|  93|0x0000000088f00000, 0x0000000088f00000, 0x0000000089000000|  0%| F|  |TAMS 0x0000000088f00000| PB 0x0000000088f00000| Untracked 
|  94|0x0000000089000000, 0x0000000089000000, 0x0000000089100000|  0%| F|  |TAMS 0x0000000089000000| PB 0x0000000089000000| Untracked 
|  95|0x0000000089100000, 0x0000000089100000, 0x0000000089200000|  0%| F|  |TAMS 0x0000000089100000| PB 0x0000000089100000| Untracked 
|  96|0x0000000089200000, 0x0000000089200000, 0x0000000089300000|  0%| F|  |TAMS 0x0000000089200000| PB 0x0000000089200000| Untracked 
|  97|0x0000000089300000, 0x0000000089300000, 0x0000000089400000|  0%| F|  |TAMS 0x0000000089300000| PB 0x0000000089300000| Untracked 
|  98|0x0000000089400000, 0x0000000089400000, 0x0000000089500000|  0%| F|  |TAMS 0x0000000089400000| PB 0x0000000089400000| Untracked 
|  99|0x0000000089500000, 0x0000000089500000, 0x0000000089600000|  0%| F|  |TAMS 0x0000000089500000| PB 0x0000000089500000| Untracked 
| 100|0x0000000089600000, 0x0000000089600000, 0x0000000089700000|  0%| F|  |TAMS 0x0000000089600000| PB 0x0000000089600000| Untracked 
| 101|0x0000000089700000, 0x0000000089700000, 0x0000000089800000|  0%| F|  |TAMS 0x0000000089700000| PB 0x0000000089700000| Untracked 
| 102|0x0000000089800000, 0x0000000089800000, 0x0000000089900000|  0%| F|  |TAMS 0x0000000089800000| PB 0x0000000089800000| Untracked 
| 103|0x0000000089900000, 0x0000000089900000, 0x0000000089a00000|  0%| F|  |TAMS 0x0000000089900000| PB 0x0000000089900000| Untracked 
| 104|0x0000000089a00000, 0x0000000089a00000, 0x0000000089b00000|  0%| F|  |TAMS 0x0000000089a00000| PB 0x0000000089a00000| Untracked 
| 105|0x0000000089b00000, 0x0000000089b00000, 0x0000000089c00000|  0%| F|  |TAMS 0x0000000089b00000| PB 0x0000000089b00000| Untracked 
| 106|0x0000000089c00000, 0x0000000089c00000, 0x0000000089d00000|  0%| F|  |TAMS 0x0000000089c00000| PB 0x0000000089c00000| Untracked 
| 107|0x0000000089d00000, 0x0000000089d00000, 0x0000000089e00000|  0%| F|  |TAMS 0x0000000089d00000| PB 0x0000000089d00000| Untracked 
| 108|0x0000000089e00000, 0x0000000089e00000, 0x0000000089f00000|  0%| F|  |TAMS 0x0000000089e00000| PB 0x0000000089e00000| Untracked 
| 109|0x0000000089f00000, 0x0000000089f00000, 0x000000008a000000|  0%| F|  |TAMS 0x0000000089f00000| PB 0x0000000089f00000| Untracked 
| 110|0x000000008a000000, 0x000000008a075d08, 0x000000008a100000| 46%| E|  |TAMS 0x000000008a000000| PB 0x000000008a000000| Complete 
| 111|0x000000008a100000, 0x000000008a200000, 0x000000008a200000|100%| E|CS|TAMS 0x000000008a100000| PB 0x000000008a100000| Complete 
| 112|0x000000008a200000, 0x000000008a300000, 0x000000008a300000|100%| E|CS|TAMS 0x000000008a200000| PB 0x000000008a200000| Complete 
| 113|0x000000008a300000, 0x000000008a400000, 0x000000008a400000|100%| E|CS|TAMS 0x000000008a300000| PB 0x000000008a300000| Complete 
| 114|0x000000008a400000, 0x000000008a500000, 0x000000008a500000|100%| E|CS|TAMS 0x000000008a400000| PB 0x000000008a400000| Complete 
| 115|0x000000008a500000, 0x000000008a600000, 0x000000008a600000|100%| E|CS|TAMS 0x000000008a500000| PB 0x000000008a500000| Complete 
| 116|0x000000008a600000, 0x000000008a700000, 0x000000008a700000|100%| E|CS|TAMS 0x000000008a600000| PB 0x000000008a600000| Complete 
| 117|0x000000008a700000, 0x000000008a800000, 0x000000008a800000|100%| E|CS|TAMS 0x000000008a700000| PB 0x000000008a700000| Complete 
| 118|0x000000008a800000, 0x000000008a900000, 0x000000008a900000|100%| E|CS|TAMS 0x000000008a800000| PB 0x000000008a800000| Complete 
| 119|0x000000008a900000, 0x000000008aa00000, 0x000000008aa00000|100%| E|CS|TAMS 0x000000008a900000| PB 0x000000008a900000| Complete 
| 120|0x000000008aa00000, 0x000000008ab00000, 0x000000008ab00000|100%| E|CS|TAMS 0x000000008aa00000| PB 0x000000008aa00000| Complete 
| 121|0x000000008ab00000, 0x000000008ac00000, 0x000000008ac00000|100%| E|CS|TAMS 0x000000008ab00000| PB 0x000000008ab00000| Complete 
| 122|0x000000008ac00000, 0x000000008ad00000, 0x000000008ad00000|100%| E|CS|TAMS 0x000000008ac00000| PB 0x000000008ac00000| Complete 
| 123|0x000000008ad00000, 0x000000008ae00000, 0x000000008ae00000|100%| E|CS|TAMS 0x000000008ad00000| PB 0x000000008ad00000| Complete 
| 124|0x000000008ae00000, 0x000000008af00000, 0x000000008af00000|100%| E|CS|TAMS 0x000000008ae00000| PB 0x000000008ae00000| Complete 
| 125|0x000000008af00000, 0x000000008b000000, 0x000000008b000000|100%| E|CS|TAMS 0x000000008af00000| PB 0x000000008af00000| Complete 

Card table byte_map: [0x0000022793d20000,0x0000022794110000] _byte_map_base: 0x0000022793907000

Marking Bits: (CMBitMap*) 0x00000227ffe28d70
 Bits: [0x0000022794110000, 0x0000022796048000)

Polling page: 0x00000227ff880000

Metaspace:

Usage:
  Non-class:      3.01 MB used.
      Class:    424.41 KB used.
       Both:      3.43 MB used.

Virtual space:
  Non-class space:       64.00 MB reserved,       3.12 MB (  5%) committed,  1 nodes.
      Class space:        1.00 GB reserved,     512.00 KB ( <1%) committed,  1 nodes.
             Both:        1.06 GB reserved,       3.62 MB ( <1%) committed. 

Chunk freelists:
   Non-Class:  10.17 MB
       Class:  15.39 MB
        Both:  25.56 MB

MaxMetaspaceSize: unlimited
CompressedClassSpaceSize: 1.00 GB
Initial GC threshold: 21.00 MB
Current GC threshold: 21.00 MB
CDS: on
 - commit_granule_bytes: 65536.
 - commit_granule_words: 8192.
 - virtual_space_node_default_size: 8388608.
 - enlarge_chunks_in_place: 1.
 - use_allocation_guard: 0.


Internal statistics:

num_allocs_failed_limit: 0.
num_arena_births: 194.
num_arena_deaths: 0.
num_vsnodes_births: 2.
num_vsnodes_deaths: 0.
num_space_committed: 58.
num_space_uncommitted: 0.
num_chunks_returned_to_freelist: 0.
num_chunks_taken_from_freelist: 351.
num_chunk_merges: 0.
num_chunk_splits: 203.
num_chunks_enlarged: 95.
num_inconsistent_stats: 0.

CodeHeap 'non-profiled nmethods': size=120000Kb used=381Kb max_used=381Kb free=119618Kb
 bounds [0x000002278ba80000, 0x000002278bcf0000, 0x0000022792fb0000]
CodeHeap 'profiled nmethods': size=120000Kb used=1862Kb max_used=1862Kb free=118137Kb
 bounds [0x0000022783fb0000, 0x0000022784220000, 0x000002278b4e0000]
CodeHeap 'non-nmethods': size=5760Kb used=1477Kb max_used=1488Kb free=4282Kb
 bounds [0x000002278b4e0000, 0x000002278b750000, 0x000002278ba80000]
CodeCache: size=245760Kb, used=3720Kb, max_used=3731Kb, free=242037Kb
 total_blobs=1668, nmethods=1153, adapters=420, full_count=0
Compilation: enabled, stopped_count=0, restarted_count=0

Compilation events (20 events):
Event: 0.923 Thread 0x00000227df010060 1151       3       java.lang.invoke.MethodHandles$Lookup::linkMethodHandleConstant (223 bytes)
Event: 0.925 Thread 0x00000227df010060 nmethod 1151 0x0000022784176410 code [0x0000022784176800, 0x0000022784177fc8]
Event: 0.926 Thread 0x00000227df010060 1152       3       java.nio.ByteBuffer::<init> (14 bytes)
Event: 0.926 Thread 0x00000227df010060 nmethod 1152 0x0000022784178790 code [0x0000022784178940, 0x0000022784178a90]
Event: 0.926 Thread 0x00000227df010060 1153       3       java.nio.MappedByteBuffer::limit (6 bytes)
Event: 0.926 Thread 0x00000227df010060 nmethod 1153 0x0000022784178b90 code [0x0000022784178d40, 0x0000022784178f50]
Event: 0.926 Thread 0x00000227df010060 1154   !   3       jdk.internal.misc.ScopedMemoryAccess::copyMemory (27 bytes)
Event: 0.926 Thread 0x00000227df010060 nmethod 1154 0x0000022784179090 code [0x00000227841792a0, 0x00000227841798c0]
Event: 0.927 Thread 0x00000227df010060 1155       3       java.nio.MappedByteBuffer::limit (6 bytes)
Event: 0.927 Thread 0x00000227df010060 nmethod 1155 0x0000022784179c90 code [0x0000022784179e40, 0x000002278417a050]
Event: 0.930 Thread 0x00000227df010060 1156       3       jdk.internal.org.objectweb.asm.ClassWriter::visit (160 bytes)
Event: 0.931 Thread 0x00000227df010060 nmethod 1156 0x000002278417a190 code [0x000002278417a3c0, 0x000002278417aba0]
Event: 0.931 Thread 0x00000227df010060 1158       3       jdk.internal.org.objectweb.asm.ClassWriter::toByteArray (1517 bytes)
Event: 0.936 Thread 0x00000227df010060 nmethod 1158 0x000002278417b010 code [0x000002278417b980, 0x000002278417f5e8]
Event: 0.936 Thread 0x00000227df010060 1159       1       java.util.concurrent.atomic.AtomicInteger::get (5 bytes)
Event: 0.936 Thread 0x00000227df010060 nmethod 1159 0x000002278badf090 code [0x000002278badf220, 0x000002278badf2e8]
Event: 0.936 Thread 0x00000227df010060 1160       1       sun.security.provider.DigestBase::engineGetDigestLength (5 bytes)
Event: 0.936 Thread 0x00000227df010060 nmethod 1160 0x000002278badf390 code [0x000002278badf520, 0x000002278badf5e8]
Event: 0.936 Thread 0x00000227df010060 1157       3       jdk.internal.org.objectweb.asm.SymbolTable::setMajorVersionAndClassName (19 bytes)
Event: 0.936 Thread 0x00000227df010060 nmethod 1157 0x0000022784181610 code [0x00000227841817c0, 0x00000227841819d0]

GC Heap History (0 events):
No events

Dll operation events (2 events):
Event: 0.042 Loaded shared library C:\Program Files\JetBrains\IntelliJ IDEA 2025.3.3\jbr\bin\java.dll
Event: 0.245 Loaded shared library C:\Program Files\JetBrains\IntelliJ IDEA 2025.3.3\jbr\bin\zip.dll

Deoptimization events (20 events):
Event: 0.880 Thread 0x00000227df46dd00 Uncommon trap: trap_request=0xffffff66 fr.pc=0x000002278bad9240 relative=0x0000000000000260
Event: 0.880 Thread 0x00000227df46dd00 Uncommon trap: reason=speculate_class_check action=maybe_recompile pc=0x000002278bad9240 method=sun.security.util.math.intpoly.IntegerPolynomial.multByInt([JJ)V @ 26 c2
Event: 0.880 Thread 0x00000227df46dd00 DEOPT PACKING pc=0x000002278bad9240 sp=0x0000005434efdfb0
Event: 0.880 Thread 0x00000227df46dd00 DEOPT UNPACKING pc=0x000002278b537ba2 sp=0x0000005434efdef0 mode 2
Event: 0.880 Thread 0x00000227df46dd00 Uncommon trap: trap_request=0xffffffde fr.pc=0x000002278bad4584 relative=0x00000000000001c4
Event: 0.880 Thread 0x00000227df46dd00 Uncommon trap: reason=class_check action=maybe_recompile pc=0x000002278bad4584 method=sun.security.util.math.intpoly.IntegerPolynomial.multByInt([JJ)V @ 26 c2
Event: 0.880 Thread 0x00000227df46dd00 DEOPT PACKING pc=0x000002278bad4584 sp=0x0000005434efdf20
Event: 0.880 Thread 0x00000227df46dd00 DEOPT UNPACKING pc=0x000002278b537ba2 sp=0x0000005434efdef0 mode 2
Event: 0.880 Thread 0x00000227df46dd00 Uncommon trap: trap_request=0xffffffde fr.pc=0x000002278bad4584 relative=0x00000000000001c4
Event: 0.880 Thread 0x00000227df46dd00 Uncommon trap: reason=class_check action=maybe_recompile pc=0x000002278bad4584 method=sun.security.util.math.intpoly.IntegerPolynomial.multByInt([JJ)V @ 26 c2
Event: 0.880 Thread 0x00000227df46dd00 DEOPT PACKING pc=0x000002278bad4584 sp=0x0000005434efdf20
Event: 0.880 Thread 0x00000227df46dd00 DEOPT UNPACKING pc=0x000002278b537ba2 sp=0x0000005434efdef0 mode 2
Event: 0.880 Thread 0x00000227df46dd00 Uncommon trap: trap_request=0xffffffde fr.pc=0x000002278bad4584 relative=0x00000000000001c4
Event: 0.880 Thread 0x00000227df46dd00 Uncommon trap: reason=class_check action=maybe_recompile pc=0x000002278bad4584 method=sun.security.util.math.intpoly.IntegerPolynomial.multByInt([JJ)V @ 26 c2
Event: 0.880 Thread 0x00000227df46dd00 DEOPT PACKING pc=0x000002278bad4584 sp=0x0000005434efdf20
Event: 0.880 Thread 0x00000227df46dd00 DEOPT UNPACKING pc=0x000002278b537ba2 sp=0x0000005434efdef0 mode 2
Event: 0.880 Thread 0x00000227df46dd00 Uncommon trap: trap_request=0xffffffde fr.pc=0x000002278bad4584 relative=0x00000000000001c4
Event: 0.880 Thread 0x00000227df46dd00 Uncommon trap: reason=class_check action=maybe_recompile pc=0x000002278bad4584 method=sun.security.util.math.intpoly.IntegerPolynomial.multByInt([JJ)V @ 26 c2
Event: 0.880 Thread 0x00000227df46dd00 DEOPT PACKING pc=0x000002278bad4584 sp=0x0000005434efdf20
Event: 0.880 Thread 0x00000227df46dd00 DEOPT UNPACKING pc=0x000002278b537ba2 sp=0x0000005434efdef0 mode 2

Classes loaded (20 events):
Event: 0.520 Loading class jdk/net/ExtendedSocketOptions$1
Event: 0.520 Loading class jdk/net/ExtendedSocketOptions$1 done
Event: 0.523 Loading class java/nio/BufferMismatch
Event: 0.523 Loading class java/nio/BufferMismatch done
Event: 0.523 Loading class sun/nio/ch/SourceChannelImpl
Event: 0.524 Loading class java/nio/channels/Pipe$SourceChannel
Event: 0.524 Loading class java/nio/channels/Pipe$SourceChannel done
Event: 0.524 Loading class sun/nio/ch/SourceChannelImpl done
Event: 0.524 Loading class sun/nio/ch/SinkChannelImpl
Event: 0.524 Loading class java/nio/channels/Pipe$SinkChannel
Event: 0.524 Loading class java/nio/channels/Pipe$SinkChannel done
Event: 0.524 Loading class sun/nio/ch/SinkChannelImpl done
Event: 0.535 Loading class sun/net/spi/DefaultProxySelector$NonProxyInfo
Event: 0.535 Loading class sun/net/spi/DefaultProxySelector$NonProxyInfo done
Event: 0.535 Loading class sun/net/spi/DefaultProxySelector$3
Event: 0.535 Loading class sun/net/spi/DefaultProxySelector$3 done
Event: 0.891 Loading class jdk/internal/event/X509CertificateEvent
Event: 0.891 Loading class jdk/internal/event/X509CertificateEvent done
Event: 0.899 Loading class jdk/internal/event/TLSHandshakeEvent
Event: 0.899 Loading class jdk/internal/event/TLSHandshakeEvent done

Classes unloaded (0 events):
No events

Classes redefined (0 events):
No events

Internal exceptions (20 events):
Event: 0.378 Thread 0x00000227fde7ca30 Exception <a 'java/lang/NoSuchMethodError'{0x000000008abade58}: 'java.lang.Object java.lang.invoke.DirectMethodHandle$Holder.invokeStaticInit(java.lang.Object, java.lang.Object, int, int, int, int)'> (0x000000008abade58) 
thrown [s\src\hotspot\share\interpreter\linkResolver.cpp, line 784]
Event: 0.398 Thread 0x00000227fde7ca30 Exception <a 'java/lang/NoSuchMethodError'{0x000000008aa72650}: 'java.lang.Object java.lang.invoke.DirectMethodHandle$Holder.invokeStaticInit(java.lang.Object, java.lang.Object, int)'> (0x000000008aa72650) 
thrown [s\src\hotspot\share\interpreter\linkResolver.cpp, line 784]
Event: 0.399 Thread 0x00000227fde7ca30 Exception <a 'java/lang/NoSuchMethodError'{0x000000008aa787b0}: 'java.lang.Object java.lang.invoke.DirectMethodHandle$Holder.newInvokeSpecial(java.lang.Object, java.lang.Object, int)'> (0x000000008aa787b0) 
thrown [s\src\hotspot\share\interpreter\linkResolver.cpp, line 784]
Event: 0.403 Thread 0x00000227fde7ca30 Exception <a 'java/lang/NoSuchMethodError'{0x000000008aa8d978}: 'int java.lang.invoke.DirectMethodHandle$Holder.invokeSpecialIFC(java.lang.Object, java.lang.Object, java.lang.Object)'> (0x000000008aa8d978) 
thrown [s\src\hotspot\share\interpreter\linkResolver.cpp, line 784]
Event: 0.412 Thread 0x00000227fde7ca30 Exception <a 'java/lang/NoSuchMethodError'{0x000000008aac51e8}: 'java.lang.Object java.lang.invoke.Invokers$Holder.invoke_MT(java.lang.Object, java.lang.Object, java.lang.Object, java.lang.Object, java.lang.Object, java.lang.Object, java.lang.Object, java.lang.Object, java.lang.Object, java.lang.Object)'> (0x000000008aac51e8) 
thrown [s\src\hotspot\share\interpreter\linkResolver.cpp, line 784]
Event: 0.426 Thread 0x00000227fde7ca30 Exception <a 'java/lang/NoSuchMethodError'{0x000000008a904eb0}: 'int java.lang.invoke.DirectMethodHandle$Holder.invokeSpecial(java.lang.Object, java.lang.Object, java.lang.Object, java.lang.Object)'> (0x000000008a904eb0) 
thrown [s\src\hotspot\share\interpreter\linkResolver.cpp, line 784]
Event: 0.432 Thread 0x00000227fde7ca30 Exception <a 'java/lang/NoSuchMethodError'{0x000000008a91a218}: 'java.lang.Object java.lang.invoke.DirectMethodHandle$Holder.invokeSpecial(java.lang.Object, java.lang.Object, int, java.lang.Object, java.lang.Object)'> (0x000000008a91a218) 
thrown [s\src\hotspot\share\interpreter\linkResolver.cpp, line 784]
Event: 0.433 Thread 0x00000227fde7ca30 Exception <a 'java/lang/NoSuchMethodError'{0x000000008a91dba8}: 'java.lang.Object java.lang.invoke.DelegatingMethodHandle$Holder.delegate(java.lang.Object, int, java.lang.Object, java.lang.Object)'> (0x000000008a91dba8) 
thrown [s\src\hotspot\share\interpreter\linkResolver.cpp, line 784]
Event: 0.436 Thread 0x00000227fde7ca30 Exception <a 'java/lang/NoSuchMethodError'{0x000000008a92d3d0}: 'int java.lang.invoke.Invokers$Holder.linkToTargetMethod(java.lang.Object, java.lang.Object, java.lang.Object)'> (0x000000008a92d3d0) 
thrown [s\src\hotspot\share\interpreter\linkResolver.cpp, line 784]
Event: 0.440 Thread 0x00000227fde7ca30 Exception <a 'java/lang/NoSuchMethodError'{0x000000008a95ef48}: 'long java.lang.invoke.DirectMethodHandle$Holder.invokeSpecial(java.lang.Object, java.lang.Object)'> (0x000000008a95ef48) 
thrown [s\src\hotspot\share\interpreter\linkResolver.cpp, line 784]
Event: 0.441 Thread 0x00000227fde7ca30 Exception <a 'java/lang/NoSuchMethodError'{0x000000008a965c58}: 'java.lang.Object java.lang.invoke.Invokers$Holder.invokeExact_MT(java.lang.Object, java.lang.Object, java.lang.Object, java.lang.Object, java.lang.Object, java.lang.Object)'> (0x000000008a965c58) 
thrown [s\src\hotspot\share\interpreter\linkResolver.cpp, line 784]
Event: 0.532 Thread 0x00000227fde7ca30 Exception <a 'java/lang/NoSuchMethodError'{0x000000008a601508}: 'java.lang.Object java.lang.invoke.DirectMethodHandle$Holder.newInvokeSpecial(java.lang.Object, java.lang.Object, java.lang.Object, java.lang.Object, java.lang.Object)'> (0x000000008a601508) 
thrown [s\src\hotspot\share\interpreter\linkResolver.cpp, line 784]
Event: 0.572 Thread 0x00000227fde7ca30 Exception <a 'java/lang/NoSuchMethodError'{0x000000008a58e220}: 'java.lang.Object java.lang.invoke.DirectMethodHandle$Holder.invokeSpecial(java.lang.Object, java.lang.Object, java.lang.Object, java.lang.Object, int)'> (0x000000008a58e220) 
thrown [s\src\hotspot\share\interpreter\linkResolver.cpp, line 784]
Event: 0.573 Thread 0x00000227fde7ca30 Exception <a 'java/lang/NoSuchMethodError'{0x000000008a591b88}: 'java.lang.Object java.lang.invoke.Invokers$Holder.linkToTargetMethod(java.lang.Object, java.lang.Object, int, java.lang.Object)'> (0x000000008a591b88) 
thrown [s\src\hotspot\share\interpreter\linkResolver.cpp, line 784]
Event: 0.578 Thread 0x00000227fde7ca30 Exception <a 'java/lang/NoSuchMethodError'{0x000000008a5bfdd8}: 'void java.lang.invoke.DirectMethodHandle$Holder.invokeSpecial(java.lang.Object, java.lang.Object, java.lang.Object)'> (0x000000008a5bfdd8) 
thrown [s\src\hotspot\share\interpreter\linkResolver.cpp, line 784]
Event: 0.594 Thread 0x00000227df3f79c0 Exception <a 'java/lang/NoSuchMethodError'{0x000000008a798118}: 'void java.lang.invoke.DirectMethodHandle$Holder.invokeStatic(java.lang.Object, java.lang.Object, int)'> (0x000000008a798118) 
thrown [s\src\hotspot\share\interpreter\linkResolver.cpp, line 784]
Event: 0.596 Thread 0x00000227fde7ca30 Exception <a 'java/lang/NoSuchMethodError'{0x000000008a44fa30}: 'void java.lang.invoke.DirectMethodHandle$Holder.invokeSpecial(java.lang.Object, java.lang.Object, java.lang.Object, java.lang.Object, java.lang.Object)'> (0x000000008a44fa30) 
thrown [s\src\hotspot\share\interpreter\linkResolver.cpp, line 784]
Event: 0.606 Thread 0x00000227df46dd00 Exception <a 'java/lang/NoSuchMethodError'{0x000000008a49a310}: 'void java.lang.invoke.DirectMethodHandle$Holder.invokeInterface(java.lang.Object, java.lang.Object, java.lang.Object)'> (0x000000008a49a310) 
thrown [s\src\hotspot\share\interpreter\linkResolver.cpp, line 784]
Event: 0.874 Thread 0x00000227df46dd00 Exception <a 'java/lang/NoSuchMethodError'{0x000000008a29c7a0}: 'void java.lang.invoke.DirectMethodHandle$Holder.invokeInterface(java.lang.Object, java.lang.Object)'> (0x000000008a29c7a0) 
thrown [s\src\hotspot\share\interpreter\linkResolver.cpp, line 784]
Event: 0.900 Thread 0x00000227df46dd00 Exception <a 'java/lang/NoSuchMethodError'{0x000000008a112df0}: 'void java.lang.invoke.DirectMethodHandle$Holder.invokeStatic(java.lang.Object, java.lang.Object, java.lang.Object, java.lang.Object)'> (0x000000008a112df0) 
thrown [s\src\hotspot\share\interpreter\linkResolver.cpp, line 784]

ZGC Phase Switch (0 events):
No events

VM Operations (6 events):
Event: 0.198 Executing non-safepoint VM operation: HandshakeAllThreads (Deoptimize)
Event: 0.198 Executing non-safepoint VM operation: HandshakeAllThreads (Deoptimize) done
Event: 0.309 Executing non-safepoint VM operation: HandshakeAllThreads (Deoptimize)
Event: 0.309 Executing non-safepoint VM operation: HandshakeAllThreads (Deoptimize) done
Event: 0.596 Executing non-safepoint VM operation: HandshakeAllThreads (Deoptimize)
Event: 0.597 Executing non-safepoint VM operation: HandshakeAllThreads (Deoptimize) done

Memory protections (0 events):
No events

Nmethod flushes (0 events):
No events

Events (20 events):
Event: 0.096 Thread 0x00000227fde7ca30 Thread added: 0x00000227fde7ca30
Event: 0.130 Thread 0x00000227fde7ca30 Thread added: 0x0000022798b1caa0
Event: 0.134 Thread 0x00000227fde7ca30 Thread added: 0x0000022798b22400
Event: 0.134 Thread 0x00000227fde7ca30 Thread added: 0x0000022798b25f80
Event: 0.135 Thread 0x00000227fde7ca30 Thread added: 0x0000022798b2a1a0
Event: 0.135 Thread 0x00000227fde7ca30 Thread added: 0x0000022798b2af60
Event: 0.135 Thread 0x00000227fde7ca30 Thread added: 0x0000022798b2bd90
Event: 0.135 Thread 0x00000227fde7ca30 Thread added: 0x0000022798b38820
Event: 0.136 Thread 0x00000227fde7ca30 Thread added: 0x0000022798b416b0
Event: 0.136 Thread 0x00000227fde7ca30 Thread added: 0x00000227df010060
Event: 0.172 Thread 0x00000227fde7ca30 Thread added: 0x00000227df133d00
Event: 0.181 Loaded shared library C:\Program Files\JetBrains\IntelliJ IDEA 2025.3.3\jbr\bin\net.dll
Event: 0.189 Loaded shared library C:\Program Files\JetBrains\IntelliJ IDEA 2025.3.3\jbr\bin\nio.dll
Event: 0.195 Loaded shared library C:\Program Files\JetBrains\IntelliJ IDEA 2025.3.3\jbr\bin\zip.dll
Event: 0.230 Loaded shared library C:\Program Files\JetBrains\IntelliJ IDEA 2025.3.3\jbr\bin\jimage.dll
Event: 0.468 Loaded shared library C:\Program Files\JetBrains\IntelliJ IDEA 2025.3.3\jbr\bin\sunmscapi.dll
Event: 0.519 Loaded shared library C:\Program Files\JetBrains\IntelliJ IDEA 2025.3.3\jbr\bin\extnet.dll
Event: 0.527 Thread 0x00000227fde7ca30 Thread added: 0x00000227df3f79c0
Event: 0.601 Thread 0x00000227df3f79c0 Thread added: 0x00000227df46dd00
Event: 0.636 Thread 0x00000227df3f79c0 Thread added: 0x00000227df449cd0


Dynamic libraries:
0x00007ff7d0ec0000 - 0x00007ff7d0eca000 	C:\Program Files\JetBrains\IntelliJ IDEA 2025.3.3\jbr\bin\java.exe
0x00007ffd504d0000 - 0x00007ffd506c8000 	C:\Windows\SYSTEM32\ntdll.dll
0x00007ffd4eb40000 - 0x00007ffd4ec02000 	C:\Windows\System32\KERNEL32.DLL
0x00007ffd4db60000 - 0x00007ffd4de56000 	C:\Windows\System32\KERNELBASE.dll
0x00007ffd4dfb0000 - 0x00007ffd4e0b0000 	C:\Windows\System32\ucrtbase.dll
0x00007ffd33520000 - 0x00007ffd33538000 	C:\Program Files\JetBrains\IntelliJ IDEA 2025.3.3\jbr\bin\jli.dll
0x00007ffd4f700000 - 0x00007ffd4f8a1000 	C:\Windows\System32\USER32.dll
0x00007ffd4e330000 - 0x00007ffd4e352000 	C:\Windows\System32\win32u.dll
0x00007ffd50250000 - 0x00007ffd5027b000 	C:\Windows\System32\GDI32.dll
0x00007ffd4e0b0000 - 0x00007ffd4e1c9000 	C:\Windows\System32\gdi32full.dll
0x00007ffd4de60000 - 0x00007ffd4defd000 	C:\Windows\System32\msvcp_win.dll
0x00007ffd470b0000 - 0x00007ffd470cb000 	C:\Program Files\JetBrains\IntelliJ IDEA 2025.3.3\jbr\bin\VCRUNTIME140.dll
0x00007ffd32ec0000 - 0x00007ffd3315b000 	C:\Windows\WinSxS\amd64_microsoft.windows.common-controls_6595b64144ccf1df_6.0.19041.6456_none_60b8a6cb71f64256\COMCTL32.dll
0x00007ffd4eaa0000 - 0x00007ffd4eb3e000 	C:\Windows\System32\msvcrt.dll
0x00007ffd4ea10000 - 0x00007ffd4ea3f000 	C:\Windows\System32\IMM32.DLL
0x0000000063780000 - 0x000000006378d000 	C:\Program Files (x86)\360\Total Security\safemon\SafeWrapper.dll
0x00007ffd4ec70000 - 0x00007ffd4ed21000 	C:\Windows\System32\ADVAPI32.dll
0x00007ffd4e5b0000 - 0x00007ffd4e64f000 	C:\Windows\System32\sechost.dll
0x00007ffd50370000 - 0x00007ffd50490000 	C:\Windows\System32\RPCRT4.dll
0x00007ffd4e360000 - 0x00007ffd4e387000 	C:\Windows\System32\bcrypt.dll
0x00007ffcf2b30000 - 0x00007ffcf2c35000 	C:\Program Files (x86)\360\Total Security\safemon\libzdtp64.dll
0x00007ffd4ed30000 - 0x00007ffd4f4a0000 	C:\Windows\System32\SHELL32.dll
0x00007ffd4ea40000 - 0x00007ffd4ea9b000 	C:\Windows\System32\SHLWAPI.dll
0x00007ffd4d6e0000 - 0x00007ffd4d6ea000 	C:\Windows\SYSTEM32\VERSION.dll
0x00007ffd47240000 - 0x00007ffd4724c000 	C:\Program Files\JetBrains\IntelliJ IDEA 2025.3.3\jbr\bin\vcruntime140_1.dll
0x00007ffcfa7a0000 - 0x00007ffcfa82d000 	C:\Program Files\JetBrains\IntelliJ IDEA 2025.3.3\jbr\bin\msvcp140.dll
0x00007ffcb5b50000 - 0x00007ffcb691d000 	C:\Program Files\JetBrains\IntelliJ IDEA 2025.3.3\jbr\bin\server\jvm.dll
0x00007ffd50280000 - 0x00007ffd502eb000 	C:\Windows\System32\WS2_32.dll
0x00007ffd4d030000 - 0x00007ffd4d07b000 	C:\Windows\SYSTEM32\POWRPROF.dll
0x00007ffd217c0000 - 0x00007ffd217e7000 	C:\Windows\SYSTEM32\WINMM.dll
0x00007ffd4cef0000 - 0x00007ffd4cf02000 	C:\Windows\SYSTEM32\UMPDC.dll
0x00007ffd4b860000 - 0x00007ffd4b872000 	C:\Windows\SYSTEM32\kernel.appcore.dll
0x00007ffd47130000 - 0x00007ffd4713a000 	C:\Program Files\JetBrains\IntelliJ IDEA 2025.3.3\jbr\bin\jimage.dll
0x00007ffd4b0e0000 - 0x00007ffd4b2e1000 	C:\Windows\SYSTEM32\DBGHELP.DLL
0x00007ffd3c920000 - 0x00007ffd3c954000 	C:\Windows\SYSTEM32\dbgcore.DLL
0x00007ffd4e1d0000 - 0x00007ffd4e252000 	C:\Windows\System32\bcryptPrimitives.dll
0x00007ffd46ed0000 - 0x00007ffd46ef0000 	C:\Program Files\JetBrains\IntelliJ IDEA 2025.3.3\jbr\bin\java.dll
0x00007ffd4bb60000 - 0x00007ffd4c305000 	C:\Windows\SYSTEM32\windows.storage.dll
0x00007ffd4e6b0000 - 0x00007ffd4ea04000 	C:\Windows\System32\combase.dll
0x00007ffd4d520000 - 0x00007ffd4d54b000 	C:\Windows\SYSTEM32\Wldp.dll
0x00007ffd4fa50000 - 0x00007ffd4fb1d000 	C:\Windows\System32\OLEAUT32.dll
0x00007ffd4f650000 - 0x00007ffd4f6fd000 	C:\Windows\System32\SHCORE.dll
0x00007ffd4da90000 - 0x00007ffd4dab4000 	C:\Windows\SYSTEM32\profapi.dll
0x00007ffd46f80000 - 0x00007ffd46f90000 	C:\Program Files\JetBrains\IntelliJ IDEA 2025.3.3\jbr\bin\net.dll
0x00007ffd49d90000 - 0x00007ffd49e9a000 	C:\Windows\SYSTEM32\WINHTTP.dll
0x00007ffd4d280000 - 0x00007ffd4d2ea000 	C:\Windows\system32\mswsock.dll
0x00007ffd46700000 - 0x00007ffd46716000 	C:\Program Files\JetBrains\IntelliJ IDEA 2025.3.3\jbr\bin\nio.dll
0x00007ffd46dd0000 - 0x00007ffd46de8000 	C:\Program Files\JetBrains\IntelliJ IDEA 2025.3.3\jbr\bin\zip.dll
0x00007ffd4d470000 - 0x00007ffd4d488000 	C:\Windows\SYSTEM32\CRYPTSP.dll
0x00007ffd4cb30000 - 0x00007ffd4cb68000 	C:\Windows\system32\rsaenh.dll
0x00007ffd4da10000 - 0x00007ffd4da3e000 	C:\Windows\SYSTEM32\USERENV.dll
0x00007ffd4d490000 - 0x00007ffd4d49c000 	C:\Windows\SYSTEM32\CRYPTBASE.dll
0x00007ffd4cf10000 - 0x00007ffd4cf4b000 	C:\Windows\SYSTEM32\IPHLPAPI.DLL
0x00007ffd50080000 - 0x00007ffd50088000 	C:\Windows\System32\NSI.dll
0x00007ffd46680000 - 0x00007ffd4668e000 	C:\Program Files\JetBrains\IntelliJ IDEA 2025.3.3\jbr\bin\sunmscapi.dll
0x00007ffd4e390000 - 0x00007ffd4e4ed000 	C:\Windows\System32\CRYPT32.dll
0x00007ffd4d590000 - 0x00007ffd4d5b7000 	C:\Windows\SYSTEM32\ncrypt.dll
0x00007ffd4d550000 - 0x00007ffd4d58b000 	C:\Windows\SYSTEM32\NTASN1.dll
0x00007ffd47270000 - 0x00007ffd47277000 	C:\Windows\system32\wshunix.dll
0x00007ffd463a0000 - 0x00007ffd463a9000 	C:\Program Files\JetBrains\IntelliJ IDEA 2025.3.3\jbr\bin\extnet.dll

JVMTI agents: none

dbghelp: loaded successfully - version: 4.0.5 - missing functions: none
symbol engine: initialized successfully - sym options: 0x614 - pdb path: .;C:\Program Files\JetBrains\IntelliJ IDEA 2025.3.3\jbr\bin;C:\Windows\SYSTEM32;C:\Windows\WinSxS\amd64_microsoft.windows.common-controls_6595b64144ccf1df_6.0.19041.6456_none_60b8a6cb71f64256;C:\Program Files (x86)\360\Total Security\safemon;C:\Program Files\JetBrains\IntelliJ IDEA 2025.3.3\jbr\bin\server

VM Arguments:
java_command: git4idea.http.GitAskPassApp Username for 'https://github.com': 
java_class_path (initial): C:/Program Files/JetBrains/IntelliJ IDEA 2025.3.3/plugins/vcs-git/lib/git4idea-rt.jar;C:/Program Files/JetBrains/IntelliJ IDEA 2025.3.3/lib/externalProcess-rt.jar
Launcher Type: SUN_STANDARD

[Global flags]
     intx CICompilerCount                          = 4                                         {product} {ergonomic}
     uint ConcGCThreads                            = 2                                         {product} {ergonomic}
     uint G1ConcRefinementThreads                  = 8                                         {product} {ergonomic}
   size_t G1HeapRegionSize                         = 1048576                                   {product} {ergonomic}
    uintx GCDrainStackTargetSize                   = 64                                        {product} {ergonomic}
   size_t InitialHeapSize                          = 132120576                                 {product} {ergonomic}
   size_t MarkStackSize                            = 4194304                                   {product} {ergonomic}
   size_t MaxHeapSize                              = 2095054848                                {product} {ergonomic}
   size_t MaxNewSize                               = 1256194048                                {product} {ergonomic}
   size_t MinHeapDeltaBytes                        = 1048576                                   {product} {ergonomic}
   size_t MinHeapSize                              = 8388608                                   {product} {ergonomic}
    uintx NonNMethodCodeHeapSize                   = 5839372                                {pd product} {ergonomic}
    uintx NonProfiledCodeHeapSize                  = 122909434                              {pd product} {ergonomic}
    uintx ProfiledCodeHeapSize                     = 122909434                              {pd product} {ergonomic}
    uintx ReservedCodeCacheSize                    = 251658240                              {pd product} {ergonomic}
     bool SegmentedCodeCache                       = true                                      {product} {ergonomic}
   size_t SoftMaxHeapSize                          = 2095054848                             {manageable} {ergonomic}
     bool UseCompressedOops                        = true                           {product lp64_product} {ergonomic}
     bool UseG1GC                                  = true                                      {product} {ergonomic}
     bool UseLargePagesIndividualAllocation        = false                                  {pd product} {ergonomic}

Logging:
Log output configuration:
 #0: stdout all=warning uptime,level,tags foldmultilines=false
 #1: stderr all=off uptime,level,tags foldmultilines=false

Release file:
JAVA_VERSION="21.0.10" 
MODULES="java.base java.datatransfer java.xml java.prefs java.desktop gluegen.rt java.compiler java.instrument java.logging java.management java.security.sasl java.naming java.rmi java.management.rmi java.net.http java.scripting java.security.jgss java.transaction.xa java.sql java.sql.rowset java.xml.crypto java.se java.smartcardio jogl.all jcef jdk.accessibility jdk.internal.jvmstat jdk.attach jdk.charsets jdk.internal.opt jdk.zipfs jdk.compiler jdk.crypto.ec jdk.crypto.cryptoki jdk.crypto.mscapi jdk.dynalink jdk.hotspot.agent jdk.httpserver jdk.internal.ed jdk.internal.le jdk.internal.vm.ci jdk.javadoc jdk.jcmd jdk.jdwp.agent jdk.jdi jdk.jfr jdk.jsobject jdk.localedata jdk.management jdk.management.agent jdk.management.jfr jdk.naming.dns jdk.naming.rmi jdk.net jdk.sctp jdk.security.auth jdk.security.jgss jdk.unsupported jdk.unsupported.desktop jdk.xml.dom" 
IMPLEMENTOR="JetBrains s.r.o." 
IMPLEMENTOR_VERSION="JBR-21.0.10+1-1163.108-jcef" 
JAVA_RUNTIME_VERSION="21.0.10+1-b1163.108" 
LIBC="default" 
OS_ARCH="x86_64" 
OS_NAME="Windows" 
SOURCE=".:git:f6c01ae40b16+ jcef_git:git:4a605f44671a" 
JCEF_VERSION="137.0.17.1107+ge397b56" 
JCEF_COMMIT_HASH="e397b569415d3c67b114495985454e5201955573" 

Environment Variables:
PATH=C:/Program Files/Git/mingw64/libexec/git-core;C:/Program Files/Git/mingw64/libexec/git-core;C:\Program Files\Git\mingw64\bin;C:\Program Files\Git\usr\bin;C:\Users\Ranudi\bin;C:\Program Files\Common Files\Oracle\Java\javapath;C:\Program Files (x86)\Common Files\Oracle\Java\javapath;C:\Windows\system32;C:\Windows;C:\Windows\System32\Wbem;C:\Windows\System32\WindowsPowerShell\v1.0\;C:\Windows\System32\OpenSSH\;C:\Program Files (x86)\NVIDIA Corporation\PhysX\Common;C:\Program Files\NVIDIA Corporation\NVIDIA NvDLISR;C:\Program Files\Git\cmd;C:\Program Files\cursor\resources\app\bin;C:\Program Files\nodejs\;C:\Program Files (x86)\Microsoft SQL Server\170\Tools\Binn\;C:\Program Files\Microsoft SQL Server\170\Tools\Binn\;C:\Program Files\Microsoft SQL Server\Client SDK\ODBC\180\Tools\Binn\;C:\Program Files\Microsoft SQL Server\170\DTS\Binn\;C:\Program Files\MySQL\MySQL Shell 8.0\bin\;C:\Users\Ranudi\AppData\Local\Microsoft\WindowsApps;C:\Program Files\JetBrains\IntelliJ IDEA 2025.3.3\bin;C:\Users\Ranudi\AppData\Roaming\npm;C:\Users\Ranudi\AppData\Local\Programs\Microsoft VS Code\bin
USERNAME=Ranudi
DISPLAY=:0.0
LC_ALL=en_US.UTF-8
TERM=xterm-256color
TMPDIR=C:\Users\Ranudi\AppData\Local\Temp
OS=Windows_NT
PROCESSOR_IDENTIFIER=Intel64 Family 6 Model 140 Stepping 1, GenuineIntel
TMP=C:\Users\Ranudi\AppData\Local\Temp
TEMP=C:\Users\Ranudi\AppData\Local\Temp




Periodic native trim disabled

JNI global refs:
JNI global refs: 20, weak refs: 0

JNI global refs memory usage: 835, weak refs: 833

Process memory usage:
Resident Set Size: 89336K (1% of 8183096K total physical memory with 386484K free physical memory)

OOME stack traces (most recent first):
Classloader memory used:
Loader jdk.internal.loader.ClassLoaders$PlatformClassLoader                            : 1927K
Loader bootstrap                                                                       : 1553K
Loader jdk.internal.loader.ClassLoaders$AppClassLoader                                 : 28080B

---------------  S Y S T E M  ---------------

OS:
 Windows 10 , 64 bit Build 19041 (10.0.19041.5915)
OS uptime: 25 days 11:34 hours

CPU: total 8 (initial active 8) (4 cores per cpu, 2 threads per core) family 6 model 140 stepping 1 microcode 0x9a, cx8, cmov, fxsr, ht, mmx, 3dnowpref, sse, sse2, sse3, ssse3, sse4.1, sse4.2, popcnt, lzcnt, tsc, tscinvbit, avx, avx2, aes, erms, clmul, bmi1, bmi2, adx, avx512f, avx512dq, avx512cd, avx512bw, avx512vl, sha, fma, vzeroupper, avx512_vpopcntdq, avx512_vpclmulqdq, avx512_vaes, avx512_vnni, clflush, clflushopt, clwb, avx512_vbmi2, avx512_vbmi, rdtscp, rdpid, fsrm, gfni, avx512_bitalg, f16c, pku, cet_ibt, cet_ss, avx512_ifma
Processor Information for processor 0
  Max Mhz: 2419, Current Mhz: 2419, Mhz Limit: 2419
Processor Information for processor 1
  Max Mhz: 2419, Current Mhz: 2419, Mhz Limit: 2419
Processor Information for processor 2
  Max Mhz: 2419, Current Mhz: 2419, Mhz Limit: 2419
Processor Information for processor 3
  Max Mhz: 2419, Current Mhz: 907, Mhz Limit: 2419
Processor Information for processor 4
  Max Mhz: 2419, Current Mhz: 2419, Mhz Limit: 2419
Processor Information for processor 5
  Max Mhz: 2419, Current Mhz: 907, Mhz Limit: 2419
Processor Information for processor 6
  Max Mhz: 2419, Current Mhz: 907, Mhz Limit: 2419
Processor Information for processor 7
  Max Mhz: 2419, Current Mhz: 907, Mhz Limit: 2419

Memory: 4k page, system-wide physical 7991M (375M free)
TotalPageFile size 32563M (AvailPageFile size 6M)
current process WorkingSet (physical memory assigned to process): 87M, peak: 88M
current process commit charge ("private bytes"): 243M, peak: 245M

vm_info: OpenJDK 64-Bit Server VM (21.0.10+1-b1163.108) for windows-amd64 JRE (21.0.10+1-b1163.108), built on 2026-02-06 by "builduser" with MS VC++ 16.10 / 16.11 (VS2019)

END.
